// Vitest Snapshot v1, https://vitest.dev/guide/snapshot.html

exports[`category module > /category/:id (GET) > should return category given existed category id 1`] = `
{
  "createdAt": "2024-09-02T12:04:58.000Z",
  "description": "",
  "id": 1,
  "key": "uncategorized",
  "label": "Uncategorized",
  "updatedAt": "2024-09-02T12:04:58.000Z",
}
`;
